// Jest Snapshot v1, https://goo.gl/fbAQLP

exports[`App component renders App 1`] = `
<Fragment>
  <h2>
    name: 
    myName
  </h2>
  <h2>
    followerCount: 
    1
  </h2>
  <h2>
    followingCount: 
    2
  </h2>
  <h2>
    url :
    https:/github.com
  </h2>
  <List
    repos={
      Array [
        Object {
          "html_url": "url",
          "name": "myName",
        },
        Object {
          "html_url": "url",
          "name": "myName",
        },
      ]
    }
  />
</Fragment>
`;
